// Jest Snapshot v1, https://goo.gl/fbAQLP

exports[`Renders state of City paragraph 1`] = `
<Component
  style={
    Object {
      "flex": 1,
    }
  }
>
  <Component>
    <Text
      accessible={true}
      allowFontScaling={true}
      ellipsizeMode="tail"
      style={
        Object {
          "fontSize": 30,
          "fontWeight": "bold",
          "textAlign": "center",
        }
      }
    >
      Address Details
    </Text>
    <Text
      accessible={true}
      allowFontScaling={true}
      ellipsizeMode="tail"
    >
      <Text
        accessible={true}
        allowFontScaling={true}
        ellipsizeMode="tail"
        style={
          Object {
            "fontWeight": "bold",
          }
        }
      >
        First Name
        : 
      </Text>
      Patty
    </Text>
    <Text
      accessible={true}
      allowFontScaling={true}
      ellipsizeMode="tail"
    >
      <Text
        accessible={true}
        allowFontScaling={true}
        ellipsizeMode="tail"
        style={
          Object {
            "fontWeight": "bold",
          }
        }
      >
        Last Name
        : 
      </Text>
      Murray
    </Text>
    <Text
      accessible={true}
      allowFontScaling={true}
      ellipsizeMode="tail"
    >
      <Text
        accessible={true}
        allowFontScaling={true}
        ellipsizeMode="tail"
        style={
          Object {
            "fontWeight": "bold",
          }
        }
      >
        Street
        : 
      </Text>
      154 Russel Senate Office Building
    </Text>
    <Text
      accessible={true}
      allowFontScaling={true}
      ellipsizeMode="tail"
    >
      <Text
        accessible={true}
        allowFontScaling={true}
        ellipsizeMode="tail"
        style={
          Object {
            "fontWeight": "bold",
          }
        }
      >
        City
        : 
      </Text>
      Washington
    </Text>
    <Text
      accessible={true}
      allowFontScaling={true}
      ellipsizeMode="tail"
    >
      <Text
        accessible={true}
        allowFontScaling={true}
        ellipsizeMode="tail"
        style={
          Object {
            "fontWeight": "bold",
          }
        }
      >
        State
        : 
      </Text>
      D.C.
    </Text>
    <Text
      accessible={true}
      allowFontScaling={true}
      ellipsizeMode="tail"
    >
      <Text
        accessible={true}
        allowFontScaling={true}
        ellipsizeMode="tail"
        style={
          Object {
            "fontWeight": "bold",
          }
        }
      >
        Zip
        : 
      </Text>
      20510
    </Text>
    <Text
      accessible={true}
      allowFontScaling={true}
      ellipsizeMode="tail"
    >
      <Text
        accessible={true}
        allowFontScaling={true}
        ellipsizeMode="tail"
        style={
          Object {
            "fontWeight": "bold",
          }
        }
      >
        Phone
        : 
      </Text>
      (202) 224-2621
    </Text>
    <Text
      accessible={true}
      allowFontScaling={true}
      ellipsizeMode="tail"
    >
      <Text
        accessible={true}
        allowFontScaling={true}
        ellipsizeMode="tail"
        style={
          Object {
            "fontWeight": "bold",
          }
        }
      >
        Fax
        : 
      </Text>
      (202) 224-0238
    </Text>
    <Text
      accessible={true}
      allowFontScaling={true}
      ellipsizeMode="tail"
    >
      <Text
        accessible={true}
        allowFontScaling={true}
        ellipsizeMode="tail"
        style={
          Object {
            "fontWeight": "bold",
          }
        }
      >
        Toll Free
        : 
      </Text>
      (866) 481-9186
    </Text>
  </Component>
</Component>
`;

exports[`Renders state of Fax paragraph 1`] = `
<Component
  style={
    Object {
      "flex": 1,
    }
  }
>
  <Component>
    <Text
      accessible={true}
      allowFontScaling={true}
      ellipsizeMode="tail"
      style={
        Object {
          "fontSize": 30,
          "fontWeight": "bold",
          "textAlign": "center",
        }
      }
    >
      Address Details
    </Text>
    <Text
      accessible={true}
      allowFontScaling={true}
      ellipsizeMode="tail"
    >
      <Text
        accessible={true}
        allowFontScaling={true}
        ellipsizeMode="tail"
        style={
          Object {
            "fontWeight": "bold",
          }
        }
      >
        First Name
        : 
      </Text>
      Patty
    </Text>
    <Text
      accessible={true}
      allowFontScaling={true}
      ellipsizeMode="tail"
    >
      <Text
        accessible={true}
        allowFontScaling={true}
        ellipsizeMode="tail"
        style={
          Object {
            "fontWeight": "bold",
          }
        }
      >
        Last Name
        : 
      </Text>
      Murray
    </Text>
    <Text
      accessible={true}
      allowFontScaling={true}
      ellipsizeMode="tail"
    >
      <Text
        accessible={true}
        allowFontScaling={true}
        ellipsizeMode="tail"
        style={
          Object {
            "fontWeight": "bold",
          }
        }
      >
        Street
        : 
      </Text>
      154 Russel Senate Office Building
    </Text>
    <Text
      accessible={true}
      allowFontScaling={true}
      ellipsizeMode="tail"
    >
      <Text
        accessible={true}
        allowFontScaling={true}
        ellipsizeMode="tail"
        style={
          Object {
            "fontWeight": "bold",
          }
        }
      >
        City
        : 
      </Text>
      Washington
    </Text>
    <Text
      accessible={true}
      allowFontScaling={true}
      ellipsizeMode="tail"
    >
      <Text
        accessible={true}
        allowFontScaling={true}
        ellipsizeMode="tail"
        style={
          Object {
            "fontWeight": "bold",
          }
        }
      >
        State
        : 
      </Text>
      D.C.
    </Text>
    <Text
      accessible={true}
      allowFontScaling={true}
      ellipsizeMode="tail"
    >
      <Text
        accessible={true}
        allowFontScaling={true}
        ellipsizeMode="tail"
        style={
          Object {
            "fontWeight": "bold",
          }
        }
      >
        Zip
        : 
      </Text>
      20510
    </Text>
    <Text
      accessible={true}
      allowFontScaling={true}
      ellipsizeMode="tail"
    >
      <Text
        accessible={true}
        allowFontScaling={true}
        ellipsizeMode="tail"
        style={
          Object {
            "fontWeight": "bold",
          }
        }
      >
        Phone
        : 
      </Text>
      (202) 224-2621
    </Text>
    <Text
      accessible={true}
      allowFontScaling={true}
      ellipsizeMode="tail"
    >
      <Text
        accessible={true}
        allowFontScaling={true}
        ellipsizeMode="tail"
        style={
          Object {
            "fontWeight": "bold",
          }
        }
      >
        Fax
        : 
      </Text>
      (202) 224-0238
    </Text>
    <Text
      accessible={true}
      allowFontScaling={true}
      ellipsizeMode="tail"
    >
      <Text
        accessible={true}
        allowFontScaling={true}
        ellipsizeMode="tail"
        style={
          Object {
            "fontWeight": "bold",
          }
        }
      >
        Toll Free
        : 
      </Text>
      (866) 481-9186
    </Text>
  </Component>
</Component>
`;

exports[`Renders state of FirstName paragraph 1`] = `
<Component
  style={
    Object {
      "flex": 1,
    }
  }
>
  <Component>
    <Text
      accessible={true}
      allowFontScaling={true}
      ellipsizeMode="tail"
      style={
        Object {
          "fontSize": 30,
          "fontWeight": "bold",
          "textAlign": "center",
        }
      }
    >
      Address Details
    </Text>
    <Text
      accessible={true}
      allowFontScaling={true}
      ellipsizeMode="tail"
    >
      <Text
        accessible={true}
        allowFontScaling={true}
        ellipsizeMode="tail"
        style={
          Object {
            "fontWeight": "bold",
          }
        }
      >
        First Name
        : 
      </Text>
      Patty
    </Text>
    <Text
      accessible={true}
      allowFontScaling={true}
      ellipsizeMode="tail"
    >
      <Text
        accessible={true}
        allowFontScaling={true}
        ellipsizeMode="tail"
        style={
          Object {
            "fontWeight": "bold",
          }
        }
      >
        Last Name
        : 
      </Text>
      Murray
    </Text>
    <Text
      accessible={true}
      allowFontScaling={true}
      ellipsizeMode="tail"
    >
      <Text
        accessible={true}
        allowFontScaling={true}
        ellipsizeMode="tail"
        style={
          Object {
            "fontWeight": "bold",
          }
        }
      >
        Street
        : 
      </Text>
      154 Russel Senate Office Building
    </Text>
    <Text
      accessible={true}
      allowFontScaling={true}
      ellipsizeMode="tail"
    >
      <Text
        accessible={true}
        allowFontScaling={true}
        ellipsizeMode="tail"
        style={
          Object {
            "fontWeight": "bold",
          }
        }
      >
        City
        : 
      </Text>
      Washington
    </Text>
    <Text
      accessible={true}
      allowFontScaling={true}
      ellipsizeMode="tail"
    >
      <Text
        accessible={true}
        allowFontScaling={true}
        ellipsizeMode="tail"
        style={
          Object {
            "fontWeight": "bold",
          }
        }
      >
        State
        : 
      </Text>
      D.C.
    </Text>
    <Text
      accessible={true}
      allowFontScaling={true}
      ellipsizeMode="tail"
    >
      <Text
        accessible={true}
        allowFontScaling={true}
        ellipsizeMode="tail"
        style={
          Object {
            "fontWeight": "bold",
          }
        }
      >
        Zip
        : 
      </Text>
      20510
    </Text>
    <Text
      accessible={true}
      allowFontScaling={true}
      ellipsizeMode="tail"
    >
      <Text
        accessible={true}
        allowFontScaling={true}
        ellipsizeMode="tail"
        style={
          Object {
            "fontWeight": "bold",
          }
        }
      >
        Phone
        : 
      </Text>
      (202) 224-2621
    </Text>
    <Text
      accessible={true}
      allowFontScaling={true}
      ellipsizeMode="tail"
    >
      <Text
        accessible={true}
        allowFontScaling={true}
        ellipsizeMode="tail"
        style={
          Object {
            "fontWeight": "bold",
          }
        }
      >
        Fax
        : 
      </Text>
      (202) 224-0238
    </Text>
    <Text
      accessible={true}
      allowFontScaling={true}
      ellipsizeMode="tail"
    >
      <Text
        accessible={true}
        allowFontScaling={true}
        ellipsizeMode="tail"
        style={
          Object {
            "fontWeight": "bold",
          }
        }
      >
        Toll Free
        : 
      </Text>
      (866) 481-9186
    </Text>
  </Component>
</Component>
`;

exports[`Renders state of LastName paragraph 1`] = `
<Component
  style={
    Object {
      "flex": 1,
    }
  }
>
  <Component>
    <Text
      accessible={true}
      allowFontScaling={true}
      ellipsizeMode="tail"
      style={
        Object {
          "fontSize": 30,
          "fontWeight": "bold",
          "textAlign": "center",
        }
      }
    >
      Address Details
    </Text>
    <Text
      accessible={true}
      allowFontScaling={true}
      ellipsizeMode="tail"
    >
      <Text
        accessible={true}
        allowFontScaling={true}
        ellipsizeMode="tail"
        style={
          Object {
            "fontWeight": "bold",
          }
        }
      >
        First Name
        : 
      </Text>
      Patty
    </Text>
    <Text
      accessible={true}
      allowFontScaling={true}
      ellipsizeMode="tail"
    >
      <Text
        accessible={true}
        allowFontScaling={true}
        ellipsizeMode="tail"
        style={
          Object {
            "fontWeight": "bold",
          }
        }
      >
        Last Name
        : 
      </Text>
      Murray
    </Text>
    <Text
      accessible={true}
      allowFontScaling={true}
      ellipsizeMode="tail"
    >
      <Text
        accessible={true}
        allowFontScaling={true}
        ellipsizeMode="tail"
        style={
          Object {
            "fontWeight": "bold",
          }
        }
      >
        Street
        : 
      </Text>
      154 Russel Senate Office Building
    </Text>
    <Text
      accessible={true}
      allowFontScaling={true}
      ellipsizeMode="tail"
    >
      <Text
        accessible={true}
        allowFontScaling={true}
        ellipsizeMode="tail"
        style={
          Object {
            "fontWeight": "bold",
          }
        }
      >
        City
        : 
      </Text>
      Washington
    </Text>
    <Text
      accessible={true}
      allowFontScaling={true}
      ellipsizeMode="tail"
    >
      <Text
        accessible={true}
        allowFontScaling={true}
        ellipsizeMode="tail"
        style={
          Object {
            "fontWeight": "bold",
          }
        }
      >
        State
        : 
      </Text>
      D.C.
    </Text>
    <Text
      accessible={true}
      allowFontScaling={true}
      ellipsizeMode="tail"
    >
      <Text
        accessible={true}
        allowFontScaling={true}
        ellipsizeMode="tail"
        style={
          Object {
            "fontWeight": "bold",
          }
        }
      >
        Zip
        : 
      </Text>
      20510
    </Text>
    <Text
      accessible={true}
      allowFontScaling={true}
      ellipsizeMode="tail"
    >
      <Text
        accessible={true}
        allowFontScaling={true}
        ellipsizeMode="tail"
        style={
          Object {
            "fontWeight": "bold",
          }
        }
      >
        Phone
        : 
      </Text>
      (202) 224-2621
    </Text>
    <Text
      accessible={true}
      allowFontScaling={true}
      ellipsizeMode="tail"
    >
      <Text
        accessible={true}
        allowFontScaling={true}
        ellipsizeMode="tail"
        style={
          Object {
            "fontWeight": "bold",
          }
        }
      >
        Fax
        : 
      </Text>
      (202) 224-0238
    </Text>
    <Text
      accessible={true}
      allowFontScaling={true}
      ellipsizeMode="tail"
    >
      <Text
        accessible={true}
        allowFontScaling={true}
        ellipsizeMode="tail"
        style={
          Object {
            "fontWeight": "bold",
          }
        }
      >
        Toll Free
        : 
      </Text>
      (866) 481-9186
    </Text>
  </Component>
</Component>
`;

exports[`Renders state of Phone paragraph 1`] = `
<Component
  style={
    Object {
      "flex": 1,
    }
  }
>
  <Component>
    <Text
      accessible={true}
      allowFontScaling={true}
      ellipsizeMode="tail"
      style={
        Object {
          "fontSize": 30,
          "fontWeight": "bold",
          "textAlign": "center",
        }
      }
    >
      Address Details
    </Text>
    <Text
      accessible={true}
      allowFontScaling={true}
      ellipsizeMode="tail"
    >
      <Text
        accessible={true}
        allowFontScaling={true}
        ellipsizeMode="tail"
        style={
          Object {
            "fontWeight": "bold",
          }
        }
      >
        First Name
        : 
      </Text>
      Patty
    </Text>
    <Text
      accessible={true}
      allowFontScaling={true}
      ellipsizeMode="tail"
    >
      <Text
        accessible={true}
        allowFontScaling={true}
        ellipsizeMode="tail"
        style={
          Object {
            "fontWeight": "bold",
          }
        }
      >
        Last Name
        : 
      </Text>
      Murray
    </Text>
    <Text
      accessible={true}
      allowFontScaling={true}
      ellipsizeMode="tail"
    >
      <Text
        accessible={true}
        allowFontScaling={true}
        ellipsizeMode="tail"
        style={
          Object {
            "fontWeight": "bold",
          }
        }
      >
        Street
        : 
      </Text>
      154 Russel Senate Office Building
    </Text>
    <Text
      accessible={true}
      allowFontScaling={true}
      ellipsizeMode="tail"
    >
      <Text
        accessible={true}
        allowFontScaling={true}
        ellipsizeMode="tail"
        style={
          Object {
            "fontWeight": "bold",
          }
        }
      >
        City
        : 
      </Text>
      Washington
    </Text>
    <Text
      accessible={true}
      allowFontScaling={true}
      ellipsizeMode="tail"
    >
      <Text
        accessible={true}
        allowFontScaling={true}
        ellipsizeMode="tail"
        style={
          Object {
            "fontWeight": "bold",
          }
        }
      >
        State
        : 
      </Text>
      D.C.
    </Text>
    <Text
      accessible={true}
      allowFontScaling={true}
      ellipsizeMode="tail"
    >
      <Text
        accessible={true}
        allowFontScaling={true}
        ellipsizeMode="tail"
        style={
          Object {
            "fontWeight": "bold",
          }
        }
      >
        Zip
        : 
      </Text>
      20510
    </Text>
    <Text
      accessible={true}
      allowFontScaling={true}
      ellipsizeMode="tail"
    >
      <Text
        accessible={true}
        allowFontScaling={true}
        ellipsizeMode="tail"
        style={
          Object {
            "fontWeight": "bold",
          }
        }
      >
        Phone
        : 
      </Text>
      (202) 224-2621
    </Text>
    <Text
      accessible={true}
      allowFontScaling={true}
      ellipsizeMode="tail"
    >
      <Text
        accessible={true}
        allowFontScaling={true}
        ellipsizeMode="tail"
        style={
          Object {
            "fontWeight": "bold",
          }
        }
      >
        Fax
        : 
      </Text>
      (202) 224-0238
    </Text>
    <Text
      accessible={true}
      allowFontScaling={true}
      ellipsizeMode="tail"
    >
      <Text
        accessible={true}
        allowFontScaling={true}
        ellipsizeMode="tail"
        style={
          Object {
            "fontWeight": "bold",
          }
        }
      >
        Toll Free
        : 
      </Text>
      (866) 481-9186
    </Text>
  </Component>
</Component>
`;

exports[`Renders state of State paragraph 1`] = `
<Component
  style={
    Object {
      "flex": 1,
    }
  }
>
  <Component>
    <Text
      accessible={true}
      allowFontScaling={true}
      ellipsizeMode="tail"
      style={
        Object {
          "fontSize": 30,
          "fontWeight": "bold",
          "textAlign": "center",
        }
      }
    >
      Address Details
    </Text>
    <Text
      accessible={true}
      allowFontScaling={true}
      ellipsizeMode="tail"
    >
      <Text
        accessible={true}
        allowFontScaling={true}
        ellipsizeMode="tail"
        style={
          Object {
            "fontWeight": "bold",
          }
        }
      >
        First Name
        : 
      </Text>
      Patty
    </Text>
    <Text
      accessible={true}
      allowFontScaling={true}
      ellipsizeMode="tail"
    >
      <Text
        accessible={true}
        allowFontScaling={true}
        ellipsizeMode="tail"
        style={
          Object {
            "fontWeight": "bold",
          }
        }
      >
        Last Name
        : 
      </Text>
      Murray
    </Text>
    <Text
      accessible={true}
      allowFontScaling={true}
      ellipsizeMode="tail"
    >
      <Text
        accessible={true}
        allowFontScaling={true}
        ellipsizeMode="tail"
        style={
          Object {
            "fontWeight": "bold",
          }
        }
      >
        Street
        : 
      </Text>
      154 Russel Senate Office Building
    </Text>
    <Text
      accessible={true}
      allowFontScaling={true}
      ellipsizeMode="tail"
    >
      <Text
        accessible={true}
        allowFontScaling={true}
        ellipsizeMode="tail"
        style={
          Object {
            "fontWeight": "bold",
          }
        }
      >
        City
        : 
      </Text>
      Washington
    </Text>
    <Text
      accessible={true}
      allowFontScaling={true}
      ellipsizeMode="tail"
    >
      <Text
        accessible={true}
        allowFontScaling={true}
        ellipsizeMode="tail"
        style={
          Object {
            "fontWeight": "bold",
          }
        }
      >
        State
        : 
      </Text>
      D.C.
    </Text>
    <Text
      accessible={true}
      allowFontScaling={true}
      ellipsizeMode="tail"
    >
      <Text
        accessible={true}
        allowFontScaling={true}
        ellipsizeMode="tail"
        style={
          Object {
            "fontWeight": "bold",
          }
        }
      >
        Zip
        : 
      </Text>
      20510
    </Text>
    <Text
      accessible={true}
      allowFontScaling={true}
      ellipsizeMode="tail"
    >
      <Text
        accessible={true}
        allowFontScaling={true}
        ellipsizeMode="tail"
        style={
          Object {
            "fontWeight": "bold",
          }
        }
      >
        Phone
        : 
      </Text>
      (202) 224-2621
    </Text>
    <Text
      accessible={true}
      allowFontScaling={true}
      ellipsizeMode="tail"
    >
      <Text
        accessible={true}
        allowFontScaling={true}
        ellipsizeMode="tail"
        style={
          Object {
            "fontWeight": "bold",
          }
        }
      >
        Fax
        : 
      </Text>
      (202) 224-0238
    </Text>
    <Text
      accessible={true}
      allowFontScaling={true}
      ellipsizeMode="tail"
    >
      <Text
        accessible={true}
        allowFontScaling={true}
        ellipsizeMode="tail"
        style={
          Object {
            "fontWeight": "bold",
          }
        }
      >
        Toll Free
        : 
      </Text>
      (866) 481-9186
    </Text>
  </Component>
</Component>
`;

exports[`Renders state of Street paragraph 1`] = `
<Component
  style={
    Object {
      "flex": 1,
    }
  }
>
  <Component>
    <Text
      accessible={true}
      allowFontScaling={true}
      ellipsizeMode="tail"
      style={
        Object {
          "fontSize": 30,
          "fontWeight": "bold",
          "textAlign": "center",
        }
      }
    >
      Address Details
    </Text>
    <Text
      accessible={true}
      allowFontScaling={true}
      ellipsizeMode="tail"
    >
      <Text
        accessible={true}
        allowFontScaling={true}
        ellipsizeMode="tail"
        style={
          Object {
            "fontWeight": "bold",
          }
        }
      >
        First Name
        : 
      </Text>
      Patty
    </Text>
    <Text
      accessible={true}
      allowFontScaling={true}
      ellipsizeMode="tail"
    >
      <Text
        accessible={true}
        allowFontScaling={true}
        ellipsizeMode="tail"
        style={
          Object {
            "fontWeight": "bold",
          }
        }
      >
        Last Name
        : 
      </Text>
      Murray
    </Text>
    <Text
      accessible={true}
      allowFontScaling={true}
      ellipsizeMode="tail"
    >
      <Text
        accessible={true}
        allowFontScaling={true}
        ellipsizeMode="tail"
        style={
          Object {
            "fontWeight": "bold",
          }
        }
      >
        Street
        : 
      </Text>
      154 Russel Senate Office Building
    </Text>
    <Text
      accessible={true}
      allowFontScaling={true}
      ellipsizeMode="tail"
    >
      <Text
        accessible={true}
        allowFontScaling={true}
        ellipsizeMode="tail"
        style={
          Object {
            "fontWeight": "bold",
          }
        }
      >
        City
        : 
      </Text>
      Washington
    </Text>
    <Text
      accessible={true}
      allowFontScaling={true}
      ellipsizeMode="tail"
    >
      <Text
        accessible={true}
        allowFontScaling={true}
        ellipsizeMode="tail"
        style={
          Object {
            "fontWeight": "bold",
          }
        }
      >
        State
        : 
      </Text>
      D.C.
    </Text>
    <Text
      accessible={true}
      allowFontScaling={true}
      ellipsizeMode="tail"
    >
      <Text
        accessible={true}
        allowFontScaling={true}
        ellipsizeMode="tail"
        style={
          Object {
            "fontWeight": "bold",
          }
        }
      >
        Zip
        : 
      </Text>
      20510
    </Text>
    <Text
      accessible={true}
      allowFontScaling={true}
      ellipsizeMode="tail"
    >
      <Text
        accessible={true}
        allowFontScaling={true}
        ellipsizeMode="tail"
        style={
          Object {
            "fontWeight": "bold",
          }
        }
      >
        Phone
        : 
      </Text>
      (202) 224-2621
    </Text>
    <Text
      accessible={true}
      allowFontScaling={true}
      ellipsizeMode="tail"
    >
      <Text
        accessible={true}
        allowFontScaling={true}
        ellipsizeMode="tail"
        style={
          Object {
            "fontWeight": "bold",
          }
        }
      >
        Fax
        : 
      </Text>
      (202) 224-0238
    </Text>
    <Text
      accessible={true}
      allowFontScaling={true}
      ellipsizeMode="tail"
    >
      <Text
        accessible={true}
        allowFontScaling={true}
        ellipsizeMode="tail"
        style={
          Object {
            "fontWeight": "bold",
          }
        }
      >
        Toll Free
        : 
      </Text>
      (866) 481-9186
    </Text>
  </Component>
</Component>
`;

exports[`Renders state of TollFree paragraph 1`] = `
<Component
  style={
    Object {
      "flex": 1,
    }
  }
>
  <Component>
    <Text
      accessible={true}
      allowFontScaling={true}
      ellipsizeMode="tail"
      style={
        Object {
          "fontSize": 30,
          "fontWeight": "bold",
          "textAlign": "center",
        }
      }
    >
      Address Details
    </Text>
    <Text
      accessible={true}
      allowFontScaling={true}
      ellipsizeMode="tail"
    >
      <Text
        accessible={true}
        allowFontScaling={true}
        ellipsizeMode="tail"
        style={
          Object {
            "fontWeight": "bold",
          }
        }
      >
        First Name
        : 
      </Text>
      Patty
    </Text>
    <Text
      accessible={true}
      allowFontScaling={true}
      ellipsizeMode="tail"
    >
      <Text
        accessible={true}
        allowFontScaling={true}
        ellipsizeMode="tail"
        style={
          Object {
            "fontWeight": "bold",
          }
        }
      >
        Last Name
        : 
      </Text>
      Murray
    </Text>
    <Text
      accessible={true}
      allowFontScaling={true}
      ellipsizeMode="tail"
    >
      <Text
        accessible={true}
        allowFontScaling={true}
        ellipsizeMode="tail"
        style={
          Object {
            "fontWeight": "bold",
          }
        }
      >
        Street
        : 
      </Text>
      154 Russel Senate Office Building
    </Text>
    <Text
      accessible={true}
      allowFontScaling={true}
      ellipsizeMode="tail"
    >
      <Text
        accessible={true}
        allowFontScaling={true}
        ellipsizeMode="tail"
        style={
          Object {
            "fontWeight": "bold",
          }
        }
      >
        City
        : 
      </Text>
      Washington
    </Text>
    <Text
      accessible={true}
      allowFontScaling={true}
      ellipsizeMode="tail"
    >
      <Text
        accessible={true}
        allowFontScaling={true}
        ellipsizeMode="tail"
        style={
          Object {
            "fontWeight": "bold",
          }
        }
      >
        State
        : 
      </Text>
      D.C.
    </Text>
    <Text
      accessible={true}
      allowFontScaling={true}
      ellipsizeMode="tail"
    >
      <Text
        accessible={true}
        allowFontScaling={true}
        ellipsizeMode="tail"
        style={
          Object {
            "fontWeight": "bold",
          }
        }
      >
        Zip
        : 
      </Text>
      20510
    </Text>
    <Text
      accessible={true}
      allowFontScaling={true}
      ellipsizeMode="tail"
    >
      <Text
        accessible={true}
        allowFontScaling={true}
        ellipsizeMode="tail"
        style={
          Object {
            "fontWeight": "bold",
          }
        }
      >
        Phone
        : 
      </Text>
      (202) 224-2621
    </Text>
    <Text
      accessible={true}
      allowFontScaling={true}
      ellipsizeMode="tail"
    >
      <Text
        accessible={true}
        allowFontScaling={true}
        ellipsizeMode="tail"
        style={
          Object {
            "fontWeight": "bold",
          }
        }
      >
        Fax
        : 
      </Text>
      (202) 224-0238
    </Text>
    <Text
      accessible={true}
      allowFontScaling={true}
      ellipsizeMode="tail"
    >
      <Text
        accessible={true}
        allowFontScaling={true}
        ellipsizeMode="tail"
        style={
          Object {
            "fontWeight": "bold",
          }
        }
      >
        Toll Free
        : 
      </Text>
      (866) 481-9186
    </Text>
  </Component>
</Component>
`;

exports[`Renders state of Zip paragraph 1`] = `
<Component
  style={
    Object {
      "flex": 1,
    }
  }
>
  <Component>
    <Text
      accessible={true}
      allowFontScaling={true}
      ellipsizeMode="tail"
      style={
        Object {
          "fontSize": 30,
          "fontWeight": "bold",
          "textAlign": "center",
        }
      }
    >
      Address Details
    </Text>
    <Text
      accessible={true}
      allowFontScaling={true}
      ellipsizeMode="tail"
    >
      <Text
        accessible={true}
        allowFontScaling={true}
        ellipsizeMode="tail"
        style={
          Object {
            "fontWeight": "bold",
          }
        }
      >
        First Name
        : 
      </Text>
      Patty
    </Text>
    <Text
      accessible={true}
      allowFontScaling={true}
      ellipsizeMode="tail"
    >
      <Text
        accessible={true}
        allowFontScaling={true}
        ellipsizeMode="tail"
        style={
          Object {
            "fontWeight": "bold",
          }
        }
      >
        Last Name
        : 
      </Text>
      Murray
    </Text>
    <Text
      accessible={true}
      allowFontScaling={true}
      ellipsizeMode="tail"
    >
      <Text
        accessible={true}
        allowFontScaling={true}
        ellipsizeMode="tail"
        style={
          Object {
            "fontWeight": "bold",
          }
        }
      >
        Street
        : 
      </Text>
      154 Russel Senate Office Building
    </Text>
    <Text
      accessible={true}
      allowFontScaling={true}
      ellipsizeMode="tail"
    >
      <Text
        accessible={true}
        allowFontScaling={true}
        ellipsizeMode="tail"
        style={
          Object {
            "fontWeight": "bold",
          }
        }
      >
        City
        : 
      </Text>
      Washington
    </Text>
    <Text
      accessible={true}
      allowFontScaling={true}
      ellipsizeMode="tail"
    >
      <Text
        accessible={true}
        allowFontScaling={true}
        ellipsizeMode="tail"
        style={
          Object {
            "fontWeight": "bold",
          }
        }
      >
        State
        : 
      </Text>
      D.C.
    </Text>
    <Text
      accessible={true}
      allowFontScaling={true}
      ellipsizeMode="tail"
    >
      <Text
        accessible={true}
        allowFontScaling={true}
        ellipsizeMode="tail"
        style={
          Object {
            "fontWeight": "bold",
          }
        }
      >
        Zip
        : 
      </Text>
      20510
    </Text>
    <Text
      accessible={true}
      allowFontScaling={true}
      ellipsizeMode="tail"
    >
      <Text
        accessible={true}
        allowFontScaling={true}
        ellipsizeMode="tail"
        style={
          Object {
            "fontWeight": "bold",
          }
        }
      >
        Phone
        : 
      </Text>
      (202) 224-2621
    </Text>
    <Text
      accessible={true}
      allowFontScaling={true}
      ellipsizeMode="tail"
    >
      <Text
        accessible={true}
        allowFontScaling={true}
        ellipsizeMode="tail"
        style={
          Object {
            "fontWeight": "bold",
          }
        }
      >
        Fax
        : 
      </Text>
      (202) 224-0238
    </Text>
    <Text
      accessible={true}
      allowFontScaling={true}
      ellipsizeMode="tail"
    >
      <Text
        accessible={true}
        allowFontScaling={true}
        ellipsizeMode="tail"
        style={
          Object {
            "fontWeight": "bold",
          }
        }
      >
        Toll Free
        : 
      </Text>
      (866) 481-9186
    </Text>
  </Component>
</Component>
`;
